  
    ************ Error Message List *************
  
    PW     --- Pathway                           
    Code   --- Error Type + Error Code           
    L#     --- The Line Number Where Error Occurs
    ModNam --- Module Name In Which Error Occurs 
    Hints  --- Hints For The Possible Solution   
    *********************************************
  
PW CODE    L#      MODNAM                       ERROR MESSAGES                      HINTS
-- ---- ------- ------------- -------------------------------------------------- ------------
  
MX I440     119       CHKCLM: Calm Hour Identified in Meteorology Data File at     2023010523
MX I440     175       CHKCLM: Calm Hour Identified in Meteorology Data File at     2023010807
MX I440     237       CHKCLM: Calm Hour Identified in Meteorology Data File at     2023011021
MX I440     238       CHKCLM: Calm Hour Identified in Meteorology Data File at     2023011022
MX I440     239       CHKCLM: Calm Hour Identified in Meteorology Data File at     2023011023
MX I440     318       CHKCLM: Calm Hour Identified in Meteorology Data File at     2023011406
MX I440     409       CHKCLM: Calm Hour Identified in Meteorology Data File at     2023011801
MX I440     674       CHKCLM: Calm Hour Identified in Meteorology Data File at     2023012902
MX I440     865       CHKCLM: Calm Hour Identified in Meteorology Data File at     2023020601
MX I440     885       CHKCLM: Calm Hour Identified in Meteorology Data File at     2023020621
MX I440     888       CHKCLM: Calm Hour Identified in Meteorology Data File at     2023020624
MX I440     890       CHKCLM: Calm Hour Identified in Meteorology Data File at     2023020702
MX I440     894       CHKCLM: Calm Hour Identified in Meteorology Data File at     2023020706
MX I440     895       CHKCLM: Calm Hour Identified in Meteorology Data File at     2023020707
MX I440    1008       CHKCLM: Calm Hour Identified in Meteorology Data File at     2023021124
MX I440    1102       CHKCLM: Calm Hour Identified in Meteorology Data File at     2023021522
MX I440    1152       CHKCLM: Calm Hour Identified in Meteorology Data File at     2023021724
MX I440    1167       CHKCLM: Calm Hour Identified in Meteorology Data File at     2023021815
MX I440    1249       CHKCLM: Calm Hour Identified in Meteorology Data File at     2023022201
MX I440    1322       CHKCLM: Calm Hour Identified in Meteorology Data File at     2023022502
MX I440    1370       CHKCLM: Calm Hour Identified in Meteorology Data File at     2023022702
MX I440    1398       CHKCLM: Calm Hour Identified in Meteorology Data File at     2023022806
MX I440    1414       CHKCLM: Calm Hour Identified in Meteorology Data File at     2023022822
MX I440    1417       CHKCLM: Calm Hour Identified in Meteorology Data File at     2023030101
MX I440    1467       CHKCLM: Calm Hour Identified in Meteorology Data File at     2023030303
MX I440    1489       CHKCLM: Calm Hour Identified in Meteorology Data File at     2023030401
MX I440    1512       CHKCLM: Calm Hour Identified in Meteorology Data File at     2023030424
MX I440    1514       CHKCLM: Calm Hour Identified in Meteorology Data File at     2023030502
MX I440    1515       CHKCLM: Calm Hour Identified in Meteorology Data File at     2023030503
MX I440    1537       CHKCLM: Calm Hour Identified in Meteorology Data File at     2023030601
MX I440    1631       CHKCLM: Calm Hour Identified in Meteorology Data File at     2023030923
MX I440    1754       CHKCLM: Calm Hour Identified in Meteorology Data File at     2023031502
MX I440    1781       CHKCLM: Calm Hour Identified in Meteorology Data File at     2023031605
MX I440    1806       CHKCLM: Calm Hour Identified in Meteorology Data File at     2023031706
MX I440    1823       CHKCLM: Calm Hour Identified in Meteorology Data File at     2023031723
MX I440    1878       CHKCLM: Calm Hour Identified in Meteorology Data File at     2023032006
MX I440    1894       CHKCLM: Calm Hour Identified in Meteorology Data File at     2023032022
MX I440    1895       CHKCLM: Calm Hour Identified in Meteorology Data File at     2023032023
MX I440    1919       CHKCLM: Calm Hour Identified in Meteorology Data File at     2023032123
MX I440    1920       CHKCLM: Calm Hour Identified in Meteorology Data File at     2023032124
MX I440    1924       CHKCLM: Calm Hour Identified in Meteorology Data File at     2023032204
MX I440    2046       CHKCLM: Calm Hour Identified in Meteorology Data File at     2023032706
MX I440    2066       CHKCLM: Calm Hour Identified in Meteorology Data File at     2023032802
MX I440    2090       CHKCLM: Calm Hour Identified in Meteorology Data File at     2023032902
MX I440    2139       CHKCLM: Calm Hour Identified in Meteorology Data File at     2023033103
MX I440    2140       CHKCLM: Calm Hour Identified in Meteorology Data File at     2023033104
MX I440    2183       CHKCLM: Calm Hour Identified in Meteorology Data File at     2023040123
MX I440    2355       CHKCLM: Calm Hour Identified in Meteorology Data File at     2023040903
MX I440    2378       CHKCLM: Calm Hour Identified in Meteorology Data File at     2023041002
MX I440    2469       CHKCLM: Calm Hour Identified in Meteorology Data File at     2023041321
MX I440    2472       CHKCLM: Calm Hour Identified in Meteorology Data File at     2023041324
MX I440    2478       CHKCLM: Calm Hour Identified in Meteorology Data File at     2023041406
MX I440    2493       CHKCLM: Calm Hour Identified in Meteorology Data File at     2023041421
MX I440    2509       CHKCLM: Calm Hour Identified in Meteorology Data File at     2023041513
MX I440    2595       CHKCLM: Calm Hour Identified in Meteorology Data File at     2023041903
MX I440    2686       CHKCLM: Calm Hour Identified in Meteorology Data File at     2023042222
MX I440    2737       CHKCLM: Calm Hour Identified in Meteorology Data File at     2023042501
MX I440    2786       CHKCLM: Calm Hour Identified in Meteorology Data File at     2023042702
MX I440    2836       CHKCLM: Calm Hour Identified in Meteorology Data File at     2023042904
MX I440    2837       CHKCLM: Calm Hour Identified in Meteorology Data File at     2023042905
MX I440    2838       CHKCLM: Calm Hour Identified in Meteorology Data File at     2023042906
MX I440    2930       CHKCLM: Calm Hour Identified in Meteorology Data File at     2023050302
MX I440    2954       CHKCLM: Calm Hour Identified in Meteorology Data File at     2023050402
MX I440    3075       CHKCLM: Calm Hour Identified in Meteorology Data File at     2023050903
MX I440    3076       CHKCLM: Calm Hour Identified in Meteorology Data File at     2023050904
MX I440    3101       CHKCLM: Calm Hour Identified in Meteorology Data File at     2023051005
MX I440    3146       CHKCLM: Calm Hour Identified in Meteorology Data File at     2023051202
MX I440    3150       CHKCLM: Calm Hour Identified in Meteorology Data File at     2023051206
MX I440    3169       CHKCLM: Calm Hour Identified in Meteorology Data File at     2023051301
MX I440    3198       CHKCLM: Calm Hour Identified in Meteorology Data File at     2023051406
MX I440    3432       CHKCLM: Calm Hour Identified in Meteorology Data File at     2023052324
MX I440    3433       CHKCLM: Calm Hour Identified in Meteorology Data File at     2023052401
MX I440    3434       CHKCLM: Calm Hour Identified in Meteorology Data File at     2023052402
MX I440    3504       CHKCLM: Calm Hour Identified in Meteorology Data File at     2023052624
MX I440    3505       CHKCLM: Calm Hour Identified in Meteorology Data File at     2023052701
MX I440    3551       CHKCLM: Calm Hour Identified in Meteorology Data File at     2023052823
MX I440    3677       CHKCLM: Calm Hour Identified in Meteorology Data File at     2023060305
MX I440    3723       CHKCLM: Calm Hour Identified in Meteorology Data File at     2023060503
MX I440    3725       CHKCLM: Calm Hour Identified in Meteorology Data File at     2023060505
MX I440    3889       CHKCLM: Calm Hour Identified in Meteorology Data File at     2023061201
MX I440    3935       CHKCLM: Calm Hour Identified in Meteorology Data File at     2023061323
MX I440    3947       CHKCLM: Calm Hour Identified in Meteorology Data File at     2023061411
MX I440    3989       CHKCLM: Calm Hour Identified in Meteorology Data File at     2023061605
MX I460    3991  SET_METDATA: Missing Hour Identified in Meteor. Data File at      2023061607
MX I460    3992  SET_METDATA: Missing Hour Identified in Meteor. Data File at      2023061608
MX I460    3993  SET_METDATA: Missing Hour Identified in Meteor. Data File at      2023061609
MX I460    3994  SET_METDATA: Missing Hour Identified in Meteor. Data File at      2023061610
MX I460    3995  SET_METDATA: Missing Hour Identified in Meteor. Data File at      2023061611
MX I460    3996  SET_METDATA: Missing Hour Identified in Meteor. Data File at      2023061612
MX I460    3997  SET_METDATA: Missing Hour Identified in Meteor. Data File at      2023061613
MX I460    3998  SET_METDATA: Missing Hour Identified in Meteor. Data File at      2023061614
MX I460    3999  SET_METDATA: Missing Hour Identified in Meteor. Data File at      2023061615
MX I460    4000  SET_METDATA: Missing Hour Identified in Meteor. Data File at      2023061616
MX I460    4001  SET_METDATA: Missing Hour Identified in Meteor. Data File at      2023061617
MX I460    4002  SET_METDATA: Missing Hour Identified in Meteor. Data File at      2023061618
MX I460    4003  SET_METDATA: Missing Hour Identified in Meteor. Data File at      2023061619
CN W732    4008         AVER: 24-hr avg, < 18 hours of data, calms policy used.    2023061624
MX I460    4015  SET_METDATA: Missing Hour Identified in Meteor. Data File at      2023061707
MX I440    4016       CHKCLM: Calm Hour Identified in Meteorology Data File at     2023061708
MX I460    4017  SET_METDATA: Missing Hour Identified in Meteor. Data File at      2023061709
MX I460    4018  SET_METDATA: Missing Hour Identified in Meteor. Data File at      2023061710
MX I460    4019  SET_METDATA: Missing Hour Identified in Meteor. Data File at      2023061711
MX I460    4020  SET_METDATA: Missing Hour Identified in Meteor. Data File at      2023061712
MX I460    4021  SET_METDATA: Missing Hour Identified in Meteor. Data File at      2023061713
MX I460    4022  SET_METDATA: Missing Hour Identified in Meteor. Data File at      2023061714
MX I460    4023  SET_METDATA: Missing Hour Identified in Meteor. Data File at      2023061715
MX I460    4024  SET_METDATA: Missing Hour Identified in Meteor. Data File at      2023061716
MX I460    4025  SET_METDATA: Missing Hour Identified in Meteor. Data File at      2023061717
MX I460    4026  SET_METDATA: Missing Hour Identified in Meteor. Data File at      2023061718
MX I460    4027  SET_METDATA: Missing Hour Identified in Meteor. Data File at      2023061719
CN W732    4032         AVER: 24-hr avg, < 18 hours of data, calms policy used.    2023061724
MX I440    4038       CHKCLM: Calm Hour Identified in Meteorology Data File at     2023061806
MX I460    4039  SET_METDATA: Missing Hour Identified in Meteor. Data File at      2023061807
MX I460    4040  SET_METDATA: Missing Hour Identified in Meteor. Data File at      2023061808
MX I460    4041  SET_METDATA: Missing Hour Identified in Meteor. Data File at      2023061809
MX I460    4042  SET_METDATA: Missing Hour Identified in Meteor. Data File at      2023061810
MX I460    4043  SET_METDATA: Missing Hour Identified in Meteor. Data File at      2023061811
MX I460    4044  SET_METDATA: Missing Hour Identified in Meteor. Data File at      2023061812
MX I460    4045  SET_METDATA: Missing Hour Identified in Meteor. Data File at      2023061813
MX I460    4046  SET_METDATA: Missing Hour Identified in Meteor. Data File at      2023061814
MX I460    4047  SET_METDATA: Missing Hour Identified in Meteor. Data File at      2023061815
MX I460    4048  SET_METDATA: Missing Hour Identified in Meteor. Data File at      2023061816
MX I460    4049  SET_METDATA: Missing Hour Identified in Meteor. Data File at      2023061817
MX I460    4050  SET_METDATA: Missing Hour Identified in Meteor. Data File at      2023061818
MX I460    4051  SET_METDATA: Missing Hour Identified in Meteor. Data File at      2023061819
CN W732    4056         AVER: 24-hr avg, < 18 hours of data, calms policy used.    2023061824
MX I460    4063  SET_METDATA: Missing Hour Identified in Meteor. Data File at      2023061907
MX I460    4064  SET_METDATA: Missing Hour Identified in Meteor. Data File at      2023061908
MX I460    4065  SET_METDATA: Missing Hour Identified in Meteor. Data File at      2023061909
MX I460    4066  SET_METDATA: Missing Hour Identified in Meteor. Data File at      2023061910
MX I460    4067  SET_METDATA: Missing Hour Identified in Meteor. Data File at      2023061911
MX I460    4068  SET_METDATA: Missing Hour Identified in Meteor. Data File at      2023061912
MX I460    4069  SET_METDATA: Missing Hour Identified in Meteor. Data File at      2023061913
MX I460    4070  SET_METDATA: Missing Hour Identified in Meteor. Data File at      2023061914
MX I460    4071  SET_METDATA: Missing Hour Identified in Meteor. Data File at      2023061915
MX I460    4072  SET_METDATA: Missing Hour Identified in Meteor. Data File at      2023061916
MX I460    4073  SET_METDATA: Missing Hour Identified in Meteor. Data File at      2023061917
MX I460    4074  SET_METDATA: Missing Hour Identified in Meteor. Data File at      2023061918
MX I460    4075  SET_METDATA: Missing Hour Identified in Meteor. Data File at      2023061919
CN W732    4080         AVER: 24-hr avg, < 18 hours of data, calms policy used.    2023061924
MX I440    4129       CHKCLM: Calm Hour Identified in Meteorology Data File at     2023062201
MX I440    4175       CHKCLM: Calm Hour Identified in Meteorology Data File at     2023062323
MX I440    4302       CHKCLM: Calm Hour Identified in Meteorology Data File at     2023062906
MX I440    4330       CHKCLM: Calm Hour Identified in Meteorology Data File at     2023063010
MX I440    4350       CHKCLM: Calm Hour Identified in Meteorology Data File at     2023070106
MX I440    4488       CHKCLM: Calm Hour Identified in Meteorology Data File at     2023070624
MX I440    4490       CHKCLM: Calm Hour Identified in Meteorology Data File at     2023070702
MX I440    4491       CHKCLM: Calm Hour Identified in Meteorology Data File at     2023070703
MX I440    4588       CHKCLM: Calm Hour Identified in Meteorology Data File at     2023071104
MX I440    4630       CHKCLM: Calm Hour Identified in Meteorology Data File at     2023071222
MX I440    4635       CHKCLM: Calm Hour Identified in Meteorology Data File at     2023071303
MX I440    4729       CHKCLM: Calm Hour Identified in Meteorology Data File at     2023071701
MX I440    4747       CHKCLM: Calm Hour Identified in Meteorology Data File at     2023071719
MX I440    4757       CHKCLM: Calm Hour Identified in Meteorology Data File at     2023071805
MX I440    4758       CHKCLM: Calm Hour Identified in Meteorology Data File at     2023071806
MX I440    4804       CHKCLM: Calm Hour Identified in Meteorology Data File at     2023072004
MX I440    4825       CHKCLM: Calm Hour Identified in Meteorology Data File at     2023072101
MX I440    4992       CHKCLM: Calm Hour Identified in Meteorology Data File at     2023072724
MX I440    5019       CHKCLM: Calm Hour Identified in Meteorology Data File at     2023072903
MX I440    5067       CHKCLM: Calm Hour Identified in Meteorology Data File at     2023073103
MX I440    5115       CHKCLM: Calm Hour Identified in Meteorology Data File at     2023080203
MX I440    5118       CHKCLM: Calm Hour Identified in Meteorology Data File at     2023080206
MX I440    5163       CHKCLM: Calm Hour Identified in Meteorology Data File at     2023080403
MX I440    5328       CHKCLM: Calm Hour Identified in Meteorology Data File at     2023081024
MX I440    5342       CHKCLM: Calm Hour Identified in Meteorology Data File at     2023081114
MX I440    5402       CHKCLM: Calm Hour Identified in Meteorology Data File at     2023081402
MX I440    5424       CHKCLM: Calm Hour Identified in Meteorology Data File at     2023081424
MX I440    5524       CHKCLM: Calm Hour Identified in Meteorology Data File at     2023081904
MX I440    5548       CHKCLM: Calm Hour Identified in Meteorology Data File at     2023082004
MX I440    5789       CHKCLM: Calm Hour Identified in Meteorology Data File at     2023083005
MX I440    5790       CHKCLM: Calm Hour Identified in Meteorology Data File at     2023083006
MX I440    5794       CHKCLM: Calm Hour Identified in Meteorology Data File at     2023083010
MX I440    5799       CHKCLM: Calm Hour Identified in Meteorology Data File at     2023083015
MX I440    5803       CHKCLM: Calm Hour Identified in Meteorology Data File at     2023083019
MX I440    5811       CHKCLM: Calm Hour Identified in Meteorology Data File at     2023083103
MX I440    5814       CHKCLM: Calm Hour Identified in Meteorology Data File at     2023083106
MX I440    5817       CHKCLM: Calm Hour Identified in Meteorology Data File at     2023083109
MX I440    5832       CHKCLM: Calm Hour Identified in Meteorology Data File at     2023083124
MX I440    5927       CHKCLM: Calm Hour Identified in Meteorology Data File at     2023090423
MX I440    5949       CHKCLM: Calm Hour Identified in Meteorology Data File at     2023090521
MX I440    6023       CHKCLM: Calm Hour Identified in Meteorology Data File at     2023090823
MX I440    6047       CHKCLM: Calm Hour Identified in Meteorology Data File at     2023090923
MX I440    6076       CHKCLM: Calm Hour Identified in Meteorology Data File at     2023091104
MX I440    6077       CHKCLM: Calm Hour Identified in Meteorology Data File at     2023091105
MX I440    6150       CHKCLM: Calm Hour Identified in Meteorology Data File at     2023091406
MX I440    6216       CHKCLM: Calm Hour Identified in Meteorology Data File at     2023091624
MX I440    6242       CHKCLM: Calm Hour Identified in Meteorology Data File at     2023091802
MX I440    6245       CHKCLM: Calm Hour Identified in Meteorology Data File at     2023091805
MX I440    6268       CHKCLM: Calm Hour Identified in Meteorology Data File at     2023091904
MX I440    6269       CHKCLM: Calm Hour Identified in Meteorology Data File at     2023091905
MX I440    6285       CHKCLM: Calm Hour Identified in Meteorology Data File at     2023091921
MX I440    6360       CHKCLM: Calm Hour Identified in Meteorology Data File at     2023092224
MX I440    6505       CHKCLM: Calm Hour Identified in Meteorology Data File at     2023092901
MX I440    6508       CHKCLM: Calm Hour Identified in Meteorology Data File at     2023092904
MX I440    6510       CHKCLM: Calm Hour Identified in Meteorology Data File at     2023092906
MX I440    6526       CHKCLM: Calm Hour Identified in Meteorology Data File at     2023092922
MX I440    6528       CHKCLM: Calm Hour Identified in Meteorology Data File at     2023092924
MX I440    6579       CHKCLM: Calm Hour Identified in Meteorology Data File at     2023100203
MX I440    6580       CHKCLM: Calm Hour Identified in Meteorology Data File at     2023100204
MX I440    6642       CHKCLM: Calm Hour Identified in Meteorology Data File at     2023100418
MX I440    6767       CHKCLM: Calm Hour Identified in Meteorology Data File at     2023100923
MX I440    6775       CHKCLM: Calm Hour Identified in Meteorology Data File at     2023101007
MX I440    6789       CHKCLM: Calm Hour Identified in Meteorology Data File at     2023101021
MX I440    6811       CHKCLM: Calm Hour Identified in Meteorology Data File at     2023101119
MX I440    6840       CHKCLM: Calm Hour Identified in Meteorology Data File at     2023101224
MX I440    6864       CHKCLM: Calm Hour Identified in Meteorology Data File at     2023101324
MX I440    6865       CHKCLM: Calm Hour Identified in Meteorology Data File at     2023101401
MX I440    6887       CHKCLM: Calm Hour Identified in Meteorology Data File at     2023101423
MX I440    6957       CHKCLM: Calm Hour Identified in Meteorology Data File at     2023101721
MX I440    6996       CHKCLM: Calm Hour Identified in Meteorology Data File at     2023101912
MX I440    7037       CHKCLM: Calm Hour Identified in Meteorology Data File at     2023102105
MX I440    7078       CHKCLM: Calm Hour Identified in Meteorology Data File at     2023102222
MX I440    7129       CHKCLM: Calm Hour Identified in Meteorology Data File at     2023102501
MX I440    7222       CHKCLM: Calm Hour Identified in Meteorology Data File at     2023102822
MX I440    7246       CHKCLM: Calm Hour Identified in Meteorology Data File at     2023102922
MX I440    7271       CHKCLM: Calm Hour Identified in Meteorology Data File at     2023103023
MX I440    7614       CHKCLM: Calm Hour Identified in Meteorology Data File at     2023111406
MX I440    7631       CHKCLM: Calm Hour Identified in Meteorology Data File at     2023111423
MX I440    7635       CHKCLM: Calm Hour Identified in Meteorology Data File at     2023111503
MX I440    7649       CHKCLM: Calm Hour Identified in Meteorology Data File at     2023111517
MX I440    7753       CHKCLM: Calm Hour Identified in Meteorology Data File at     2023112001
MX I440    7773       CHKCLM: Calm Hour Identified in Meteorology Data File at     2023112021
MX I440    7899       CHKCLM: Calm Hour Identified in Meteorology Data File at     2023112603
MX I440    7911       CHKCLM: Calm Hour Identified in Meteorology Data File at     2023112615
MX I440    8038       CHKCLM: Calm Hour Identified in Meteorology Data File at     2023120122
MX I440    8086       CHKCLM: Calm Hour Identified in Meteorology Data File at     2023120322
MX I440    8133       CHKCLM: Calm Hour Identified in Meteorology Data File at     2023120521
MX I440    8154       CHKCLM: Calm Hour Identified in Meteorology Data File at     2023120618
MX I440    8232       CHKCLM: Calm Hour Identified in Meteorology Data File at     2023120924
MX I460    8233  SET_METDATA: Missing Hour Identified in Meteor. Data File at      2023121001
MX I460    8234  SET_METDATA: Missing Hour Identified in Meteor. Data File at      2023121002
MX I460    8235  SET_METDATA: Missing Hour Identified in Meteor. Data File at      2023121003
MX I460    8236  SET_METDATA: Missing Hour Identified in Meteor. Data File at      2023121004
MX I460    8237  SET_METDATA: Missing Hour Identified in Meteor. Data File at      2023121005
MX I460    8238  SET_METDATA: Missing Hour Identified in Meteor. Data File at      2023121006
MX I460    8239  SET_METDATA: Missing Hour Identified in Meteor. Data File at      2023121007
MX I460    8240  SET_METDATA: Missing Hour Identified in Meteor. Data File at      2023121008
MX I460    8241  SET_METDATA: Missing Hour Identified in Meteor. Data File at      2023121009
MX I460    8242  SET_METDATA: Missing Hour Identified in Meteor. Data File at      2023121010
MX I460    8243  SET_METDATA: Missing Hour Identified in Meteor. Data File at      2023121011
MX I460    8244  SET_METDATA: Missing Hour Identified in Meteor. Data File at      2023121012
MX I460    8245  SET_METDATA: Missing Hour Identified in Meteor. Data File at      2023121013
MX I460    8246  SET_METDATA: Missing Hour Identified in Meteor. Data File at      2023121014
MX I460    8247  SET_METDATA: Missing Hour Identified in Meteor. Data File at      2023121015
MX I460    8248  SET_METDATA: Missing Hour Identified in Meteor. Data File at      2023121016
MX I460    8249  SET_METDATA: Missing Hour Identified in Meteor. Data File at      2023121017
MX I460    8250  SET_METDATA: Missing Hour Identified in Meteor. Data File at      2023121018
MX I460    8251  SET_METDATA: Missing Hour Identified in Meteor. Data File at      2023121019
MX I460    8252  SET_METDATA: Missing Hour Identified in Meteor. Data File at      2023121020
MX I460    8253  SET_METDATA: Missing Hour Identified in Meteor. Data File at      2023121021
MX I460    8254  SET_METDATA: Missing Hour Identified in Meteor. Data File at      2023121022
MX I460    8255  SET_METDATA: Missing Hour Identified in Meteor. Data File at      2023121023
MX I460    8256  SET_METDATA: Missing Hour Identified in Meteor. Data File at      2023121024
CN W732    8256         AVER: 24-hr avg, < 18 hours of data, calms policy used.    2023121024
MX I460    8257  SET_METDATA: Missing Hour Identified in Meteor. Data File at      2023121101
MX I460    8258  SET_METDATA: Missing Hour Identified in Meteor. Data File at      2023121102
MX I460    8259  SET_METDATA: Missing Hour Identified in Meteor. Data File at      2023121103
MX I460    8260  SET_METDATA: Missing Hour Identified in Meteor. Data File at      2023121104
MX I460    8261  SET_METDATA: Missing Hour Identified in Meteor. Data File at      2023121105
MX I460    8262  SET_METDATA: Missing Hour Identified in Meteor. Data File at      2023121106
MX I460    8263  SET_METDATA: Missing Hour Identified in Meteor. Data File at      2023121107
MX I460    8264  SET_METDATA: Missing Hour Identified in Meteor. Data File at      2023121108
MX I460    8265  SET_METDATA: Missing Hour Identified in Meteor. Data File at      2023121109
MX I460    8266  SET_METDATA: Missing Hour Identified in Meteor. Data File at      2023121110
MX I460    8267  SET_METDATA: Missing Hour Identified in Meteor. Data File at      2023121111
MX I460    8268  SET_METDATA: Missing Hour Identified in Meteor. Data File at      2023121112
MX I460    8269  SET_METDATA: Missing Hour Identified in Meteor. Data File at      2023121113
CN W732    8280         AVER: 24-hr avg, < 18 hours of data, calms policy used.    2023121124
MX I440    8564       CHKCLM: Calm Hour Identified in Meteorology Data File at     2023122320
MX I440    8591       CHKCLM: Calm Hour Identified in Meteorology Data File at     2023122423
MX I440    8595       CHKCLM: Calm Hour Identified in Meteorology Data File at     2023122503
MX I440    8598       CHKCLM: Calm Hour Identified in Meteorology Data File at     2023122506
MX I440    8599       CHKCLM: Calm Hour Identified in Meteorology Data File at     2023122507
MX I440    8600       CHKCLM: Calm Hour Identified in Meteorology Data File at     2023122508
MX I440    8616       CHKCLM: Calm Hour Identified in Meteorology Data File at     2023122524
MX I440    8617       CHKCLM: Calm Hour Identified in Meteorology Data File at     2023122601
MX I440    8665       CHKCLM: Calm Hour Identified in Meteorology Data File at     2023122801
MX I440    8682       CHKCLM: Calm Hour Identified in Meteorology Data File at     2023122818
